node.exe : ΓÇó turbo 2.9.3
At C:\nvm4w\nodejs\npx.ps1:16 char:5
+     & "$basedir/node$exe"  
"$basedir/node_modules/npm/bin/npx-cli.js" ...
+     ~~~~~~~~~~~~~~~~~~~~~~~~~~~~~~~~~~~~~~~~~~~~~~~~~~~~~~~~~~
~~~~~~~
    + CategoryInfo          : NotSpecified: (ΓÇó turbo 2.9.3:St 
   ring) [], RemoteException
    + FullyQualifiedErrorId : NativeCommandError
 

   ΓÇó Packages in scope: @deer-drone/data, @deer-drone/types, @deer-drone/ui, @deer-drone/utils, admin, chatbot-service, web
   ΓÇó Running build in 7 packages
   ΓÇó Remote caching disabled

web:build: cache miss, executing bc9eb005208461f7
chatbot-service:build: cache miss, executing 6114d9af78a5d9f4
admin:build: cache miss, executing 6a01b812466a5aba
admin:build: 
admin:build: > admin@0.1.0 build
admin:build: > next build
admin:build: 
chatbot-service:build: 
chatbot-service:build: > chatbot-service@0.1.0 build
chatbot-service:build: > tsc -p tsconfig.json
chatbot-service:build: 
web:build: 
web:build: > web@0.1.0 build
web:build: > next build
web:build: 
web:build:    Γû▓ Next.js 15.5.14
web:build:    - Environments: .env.local
web:build: 
admin:build:    Γû▓ Next.js 15.5.14
admin:build:    - Environments: .env
admin:build: 
web:build:    Creating an optimized production build ...
admin:build:    Creating an optimized production build ...
chatbot-service:build: src/engine/conversation.ts(3,20): error TS2307: Cannot find module 'openai' or its corresponding type declarations.
chatbot-service:build: npm error Lifecycle script `build` failed with error:
chatbot-service:build: npm error code 2
chatbot-service:build: npm error path C:\Users\user\Desktop\deerDrone\services\chatbot
chatbot-service:build: npm error workspace chatbot-service@0.1.0
chatbot-service:build: npm error location C:\Users\user\Desktop\deerDrone\services\chatbot
chatbot-service:build: npm error command failed
chatbot-service:build: npm error command C:\WINDOWS\system32\cmd.exe /d /s /c tsc -p tsconfig.json
 ERROR  chatbot-service#build: command 
(C:\Users\user\Desktop\deerDrone\services\chatbot) 
C:\nvm4w\nodejs\npm.cmd run build exited (2)

 Tasks:    0 successful, 3 total
Cached:    0 cached, 3 total
  Time:    2.711s 
Failed:    chatbot-service#build

 ERROR  run failed: command  exited (2)
